{
  "exclude": {
    "files": "^.secrets.baseline$",
    "lines": null
  },
  "generated_at": "2026-08-13T10:01:08Z",
  "plugins_used": [
    {
      "name": "AWSKeyDetector"
    },
    {
      "name": "ArtifactoryDetector"
    },
    {
      "name": "AzureStorageKeyDetector"
    },
    {
      "base64_limit": 4.5,
      "name": "Base64HighEntropyString"
    },
    {
      "name": "BasicAuthDetector"
    },
    {
      "name": "BoxDetector"
    },
    {
      "name": "CloudantDetector"
    },
    {
      "ghe_instance": "github.ibm.com",
      "name": "GheDetector"
    },
    {
      "name": "GitHubTokenDetector"
    },
    {
      "hex_limit": 3,
      "name": "HexHighEntropyString"
    },
    {
      "name": "IbmCloudIamDetector"
    },
    {
      "name": "IbmCosHmacDetector"
    },
    {
      "name": "JwtTokenDetector"
    },
    {
      "keyword_exclude": null,
      "name": "KeywordDetector"
    },
    {
      "name": "MailchimpDetector"
    },
    {
      "name": "NpmDetector"
    },
    {
      "name": "PrivateKeyDetector"
    },
    {
      "name": "SlackDetector"
    },
    {
      "name": "SoftlayerDetector"
    },
    {
      "name": "SquareOAuthDetector"
    },
    {
      "name": "StripeDetector"
    },
    {
      "name": "TwilioKeyDetector"
    }
  ],
  "results": {
    ".mvn/wrapper/maven-wrapper.properties": [
      {
        "hashed_secret": "bf4430eca737534e559020a8b44039709faea34c",
        "is_secret": false,
        "is_verified": false,
        "line_number": 4,
        "type": "Hex High Entropy String",
        "verified_result": null
      }
    ],
    "DONE/001-grpc-event-stream-client.md": [
      {
        "hashed_secret": "9f4536f9bbf5272bac7919bbb17d8ae5b626f83c",
        "is_secret": false,
        "is_verified": false,
        "line_number": 102,
        "type": "Secret Keyword",
        "verified_result": null
      }
    ],
    "DONE/003-job-processing-pipeline.md": [
      {
        "hashed_secret": "9f4536f9bbf5272bac7919bbb17d8ae5b626f83c",
        "is_secret": false,
        "is_verified": false,
        "line_number": 107,
        "type": "Secret Keyword",
        "verified_result": null
      },
      {
        "hashed_secret": "190b8f886376102eec7d716c1e9fdd3777ed17ed",
        "is_secret": false,
        "is_verified": false,
        "line_number": 270,
        "type": "Secret Keyword",
        "verified_result": null
      }
    ],
    "DONE/004-grpc-checkpoint-migration.md": [
      {
        "hashed_secret": "9f4536f9bbf5272bac7919bbb17d8ae5b626f83c",
        "is_secret": false,
        "is_verified": false,
        "line_number": 136,
        "type": "Secret Keyword",
        "verified_result": null
      }
    ],
    "DONE/005-conversation-owner-metadata.md": [
      {
        "hashed_secret": "b44d4d13151fe7e8a126372540f97d0c58f4fd1a",
        "is_secret": false,
        "is_verified": false,
        "line_number": 85,
        "type": "Secret Keyword",
        "verified_result": null
      },
      {
        "hashed_secret": "9f4536f9bbf5272bac7919bbb17d8ae5b626f83c",
        "is_secret": false,
        "is_verified": false,
        "line_number": 227,
        "type": "Secret Keyword",
        "verified_result": null
      },
      {
        "hashed_secret": "e8bf0e7b5c92958a3d0f4a61fd3d11bde9e24942",
        "is_secret": false,
        "is_verified": false,
        "line_number": 281,
        "type": "Secret Keyword",
        "verified_result": null
      }
    ],
    "DONE/006-provenance-tracking.md": [
      {
        "hashed_secret": "190b8f886376102eec7d716c1e9fdd3777ed17ed",
        "is_secret": false,
        "is_verified": false,
        "line_number": 157,
        "type": "Secret Keyword",
        "verified_result": null
      }
    ],
    "DONE/012-grpc-admin-api-migration.md": [
      {
        "hashed_secret": "9f4536f9bbf5272bac7919bbb17d8ae5b626f83c",
        "is_secret": false,
        "is_verified": false,
        "line_number": 150,
        "type": "Secret Keyword",
        "verified_result": null
      }
    ],
    "DONE/014-authentication-authorization.md": [
      {
        "hashed_secret": "190b8f886376102eec7d716c1e9fdd3777ed17ed",
        "is_secret": false,
        "is_verified": false,
        "line_number": 44,
        "type": "Secret Keyword",
        "verified_result": null
      },
      {
        "hashed_secret": "823c1f1cc0568d0ededae49eb17573d24880d2f5",
        "is_secret": false,
        "is_verified": false,
        "line_number": 193,
        "type": "Secret Keyword",
        "verified_result": null
      }
    ],
    "DONE/015-conversation-metadata-integration.md": [
      {
        "hashed_secret": "f5cbae85fb47446511da4c9974e2da448caee7e1",
        "is_secret": false,
        "is_verified": false,
        "line_number": 161,
        "type": "Secret Keyword",
        "verified_result": null
      },
      {
        "hashed_secret": "e8bf0e7b5c92958a3d0f4a61fd3d11bde9e24942",
        "is_secret": false,
        "is_verified": false,
        "line_number": 209,
        "type": "Secret Keyword",
        "verified_result": null
      }
    ],
    "DONE/017-resource-configuration-system.md": [
      {
        "hashed_secret": "bad20ce8953a58e8c0e634c770cbd5ab0644b617",
        "is_secret": false,
        "is_verified": false,
        "line_number": 138,
        "type": "Secret Keyword",
        "verified_result": null
      }
    ],
    "DONE/020-docker-compose-setup.md": [
      {
        "hashed_secret": "3205cd3f825b0fc4556c993a871b546c91cef16a",
        "is_secret": false,
        "is_verified": false,
        "line_number": 70,
        "type": "Secret Keyword",
        "verified_result": null
      }
    ],
    "TODO/integration-test-framework-setup.md": [
      {
        "hashed_secret": "2e7a7ee14caebf378fc32d6cf6f557f347c96773",
        "is_secret": false,
        "is_verified": false,
        "line_number": 149,
        "type": "Secret Keyword",
        "verified_result": null
      }
    ],
    "TODO/llm-empty-responses.md": [
      {
        "hashed_secret": "190b8f886376102eec7d716c1e9fdd3777ed17ed",
        "is_secret": false,
        "is_verified": false,
        "line_number": 217,
        "type": "Secret Keyword",
        "verified_result": null
      }
    ],
    "TODO/unit-test-framework-setup.md": [
      {
        "hashed_secret": "2e7a7ee14caebf378fc32d6cf6f557f347c96773",
        "is_secret": false,
        "is_verified": false,
        "line_number": 107,
        "type": "Secret Keyword",
        "verified_result": null
      }
    ],
    "docs/testing-guide.md": [
      {
        "hashed_secret": "190b8f886376102eec7d716c1e9fdd3777ed17ed",
        "is_secret": false,
        "is_verified": false,
        "line_number": 573,
        "type": "Secret Keyword",
        "verified_result": null
      }
    ],
    "env.example": [
      {
        "hashed_secret": "3205cd3f825b0fc4556c993a871b546c91cef16a",
        "is_secret": false,
        "is_verified": false,
        "line_number": 22,
        "type": "Secret Keyword",
        "verified_result": null
      }
    ],
    "mvnw": [
      {
        "hashed_secret": "c1d69a41423c1b3bf4fb20553dcc12c0c41a2721",
        "is_secret": false,
        "is_verified": false,
        "line_number": 189,
        "type": "Secret Keyword",
        "verified_result": null
      }
    ],
    "mvnw.cmd": [
      {
        "hashed_secret": "4e455935905a45080257f4d3c67115e4131b05af",
        "is_secret": false,
        "is_verified": false,
        "line_number": 132,
        "type": "Secret Keyword",
        "verified_result": null
      }
    ],
    "src/main/proto/memory/v1/memory_service.proto": [
      {
        "hashed_secret": "4ed92bca46110ce9aaef0f1788bdc5511d2a4275",
        "is_secret": false,
        "is_verified": false,
        "line_number": 855,
        "type": "Secret Keyword",
        "verified_result": null
      }
    ],
    "src/test/java/io/github/rigazilla/memory/cognition/consolidation/ExactMatchDuplicateDetectorTest.java": [
      {
        "hashed_secret": "3acfb2c2b433c0ea7ff107e33df91b18e52f960f",
        "is_secret": false,
        "is_verified": false,
        "line_number": 43,
        "type": "Secret Keyword",
        "verified_result": null
      }
    ],
    "src/test/java/io/github/rigazilla/memory/cognition/event/CheckpointServiceTest.java": [
      {
        "hashed_secret": "3acfb2c2b433c0ea7ff107e33df91b18e52f960f",
        "is_secret": false,
        "is_verified": false,
        "line_number": 49,
        "type": "Secret Keyword",
        "verified_result": null
      }
    ],
    "src/test/java/io/github/rigazilla/memory/cognition/event/GrpcAdminEventClientTest.java": [
      {
        "hashed_secret": "2e7a7ee14caebf378fc32d6cf6f557f347c96773",
        "is_secret": false,
        "is_verified": false,
        "line_number": 62,
        "type": "Secret Keyword",
        "verified_result": null
      }
    ],
    "src/test/java/io/github/rigazilla/memory/cognition/evidence/TranscriptLoaderTest.java": [
      {
        "hashed_secret": "3acfb2c2b433c0ea7ff107e33df91b18e52f960f",
        "is_secret": false,
        "is_verified": false,
        "line_number": 53,
        "type": "Secret Keyword",
        "verified_result": null
      }
    ],
    "src/test/java/io/github/rigazilla/memory/cognition/justify/MemoryJustifyServiceTest.java": [
      {
        "hashed_secret": "3acfb2c2b433c0ea7ff107e33df91b18e52f960f",
        "is_secret": false,
        "is_verified": false,
        "line_number": 59,
        "type": "Secret Keyword",
        "verified_result": null
      }
    ],
    "src/test/java/io/github/rigazilla/memory/cognition/metadata/MetadataEnrichmentServiceTest.java": [
      {
        "hashed_secret": "3acfb2c2b433c0ea7ff107e33df91b18e52f960f",
        "is_secret": false,
        "is_verified": false,
        "line_number": 73,
        "type": "Secret Keyword",
        "verified_result": null
      }
    ],
    "src/test/java/io/github/rigazilla/memory/cognition/profile/ProfileContextServiceTest.java": [
      {
        "hashed_secret": "3acfb2c2b433c0ea7ff107e33df91b18e52f960f",
        "is_secret": false,
        "is_verified": false,
        "line_number": 61,
        "type": "Secret Keyword",
        "verified_result": null
      }
    ],
    "src/test/java/io/github/rigazilla/memory/cognition/queue/JobProcessorTest.java": [
      {
        "hashed_secret": "3acfb2c2b433c0ea7ff107e33df91b18e52f960f",
        "is_secret": false,
        "is_verified": false,
        "line_number": 57,
        "type": "Secret Keyword",
        "verified_result": null
      },
      {
        "hashed_secret": "a62f2225bf70bfaccbc7f1ef2a397836717377de",
        "is_secret": false,
        "is_verified": false,
        "line_number": 215,
        "type": "Secret Keyword",
        "verified_result": null
      }
    ],
    "src/test/java/io/github/rigazilla/memory/cognition/temporal/TemporalMetadataEnrichmentProcessTest.java": [
      {
        "hashed_secret": "3acfb2c2b433c0ea7ff107e33df91b18e52f960f",
        "is_secret": false,
        "is_verified": false,
        "line_number": 42,
        "type": "Secret Keyword",
        "verified_result": null
      }
    ],
    "src/test/java/io/github/rigazilla/memory/cognition/temporal/TemporalMetadataEnrichmentServiceTest.java": [
      {
        "hashed_secret": "3acfb2c2b433c0ea7ff107e33df91b18e52f960f",
        "is_secret": false,
        "is_verified": false,
        "line_number": 75,
        "type": "Secret Keyword",
        "verified_result": null
      }
    ],
    "src/test/java/io/github/rigazilla/memory/cognition/writer/MemoryWriterTest.java": [
      {
        "hashed_secret": "3acfb2c2b433c0ea7ff107e33df91b18e52f960f",
        "is_secret": false,
        "is_verified": false,
        "line_number": 60,
        "type": "Secret Keyword",
        "verified_result": null
      }
    ],
    "src/test/resources/application.properties": [
      {
        "hashed_secret": "2e7a7ee14caebf378fc32d6cf6f557f347c96773",
        "is_secret": false,
        "is_verified": false,
        "line_number": 8,
        "type": "Secret Keyword",
        "verified_result": null
      },
      {
        "hashed_secret": "3acfb2c2b433c0ea7ff107e33df91b18e52f960f",
        "is_secret": false,
        "is_verified": false,
        "line_number": 23,
        "type": "Secret Keyword",
        "verified_result": null
      }
    ]
  },
  "version": "0.13.1+ibm.64.dss",
  "word_list": {
    "file": null,
    "hash": null
  }
}
